
> vite-template@0.0.0 build
> tsc -b && vite build

[36mvite v7.3.1 [32mbuilding client environment for production...[36m[39m
transforming...
[32mΓ£ô[39m 2957 modules transformed.
node.exe : [31mΓ£ù[39m Build 
failed in 4.81s
At line:1 char:1
+ & "C:\Program 
Files\nodejs/node.exe" 
"C:\Program Files\nodejs/node_mo 
...
+ ~~~~~~~~~~~~~~~~~~~~~~~~~~~~~~~
~~~~~~~~~~~~~~~~~~~~~~~~~~~~~~~~~
~~~~~
    + CategoryInfo          : No 
   tSpecified: ([31mΓ£ù[39m B  
  uild failed in 4.81s:String)   
  [], RemoteException
    + FullyQualifiedErrorId : Na 
   tiveCommandError
 
[31merror during build:
[31msrc/pages/Visualize.tsx 
(10:9): "DOMAINS" is not 
exported by 
"src/lib/algorithms-data.js", 
imported by 
"src/pages/Visualize.tsx".[31m
file: [36mD:/Programming/Project
/Algorithms/src/pages/Visualize.t
sx:10:9[31m
[33m
 8: import VisualizationPlayer 
from "@/components/VisualizationP
layer";
 9: import { useAlgorithmBySlug, 
useAlgorithms } from 
"@/hooks/use-algorithms";
10: import { DOMAINS, 
ALGORITHMS_BY_DOMAIN } from 
"@/lib/algorithms-data";
             ^
11: import { 
isSupabaseConfigured, 
isSupabaseAvailable } from 
"@/lib/supabase";
12: import { useAuth } from 
"@/hooks/use-auth";
[31m
    at getRollupError (file:///D:
/Programming/Project/Algorithms/n
ode_modules/rollup/dist/es/shared
/parseAst.js:401:41)
    at error (file:///D:/Programm
ing/Project/Algorithms/node_modul
es/rollup/dist/es/shared/parseAst
.js:397:42)
    at Module.error (file:///D:/P
rogramming/Project/Algorithms/nod
e_modules/rollup/dist/es/shared/n
ode-entry.js:17022:16)
    at Module.traceVariable (file
:///D:/Programming/Project/Algori
thms/node_modules/rollup/dist/es/
shared/node-entry.js:17478:29)
    at ModuleScope.findVariable (
file:///D:/Programming/Project/Al
gorithms/node_modules/rollup/dist
/es/shared/node-entry.js:15141:39
)
    at 
FunctionScope.findVariable (file:
///D:/Programming/Project/Algorit
hms/node_modules/rollup/dist/es/s
hared/node-entry.js:5688:38)
    at 
FunctionBodyScope.findVariable (f
ile:///D:/Programming/Project/Alg
orithms/node_modules/rollup/dist/
es/shared/node-entry.js:5688:38)
    at MemberExpression.bind (fil
e:///D:/Programming/Project/Algor
ithms/node_modules/rollup/dist/es
/shared/node-entry.js:7406:49)
    at CallExpression.bind (file:
///D:/Programming/Project/Algorit
hms/node_modules/rollup/dist/es/s
hared/node-entry.js:2829:23)
    at CallExpression.bind (file:
///D:/Programming/Project/Algorit
hms/node_modules/rollup/dist/es/s
hared/node-entry.js:12172:15)[39
m
