
> vite-template@0.0.0 build
> tsc -b && vite build

src/components/VisualizationPlayer.tsx(24,10): error TS2459: Module '"@/hooks/use-algorithms"' declares 'Algorithm' locally, but it is not exported.
src/components/visualizations/AlgorithmVisualizations.tsx(217,50): error TS2503: Cannot find namespace 'JSX'.
src/components/visualizations/AlgorithmVisualizations.tsx(220,22): error TS2503: Cannot find namespace 'JSX'.
src/components/visualizations/AlgorithmVisualizations.tsx(262,50): error TS2503: Cannot find namespace 'JSX'.
src/components/visualizations/AlgorithmVisualizations.tsx(265,22): error TS2503: Cannot find namespace 'JSX'.
src/pages/AdaptiveLearning.tsx(23,10): error TS2300: Duplicate identifier 'useState'.
src/pages/AdaptiveLearning.tsx(26,10): error TS2300: Duplicate identifier 'useState'.
src/pages/AlgorithmDetail.tsx(541,30): error TS2339: Property 'practiceProblems' does not exist on type 'Algorithm'.
src/pages/AlgorithmDetail.tsx(595,30): error TS2339: Property 'flashcards' does not exist on type 'Algorithm'.
src/pages/AlgorithmDetail.tsx(601,60): error TS2339: Property 'flashcards' does not exist on type 'Algorithm'.
src/pages/Compare.tsx(21,5): error TS2304: Cannot find name 'useEffect'.
