src/components/SupabaseSeeder.tsx(18,44): error TS1320: Type of 'await' operand must either be a valid promise or must not contain a callable 'then' member.
src/components/SupabaseSeeder.tsx(30,25): error TS2339: Property 'error' does not exist on type '{ select: () => { then: (resolve: any) => Promise<void>; }; }'.
src/hooks/use-algorithms.ts(66,41): error TS1320: Type of 'await' operand must either be a valid promise or must not contain a callable 'then' member.
src/hooks/use-auth.ts(18,29): error TS2339: Property 'user' does not exist on type 'never'.
src/hooks/use-auth.ts(47,54): error TS7006: Parameter '_event' implicitly has an 'any' type.
src/hooks/use-auth.ts(47,62): error TS7006: Parameter 'session' implicitly has an 'any' type.
src/hooks/use-auth.ts(92,90): error TS2339: Property 'message' does not exist on type 'never'.
